(lam b_5 [ (lam x_8 (lam y_9 (con integer 1))) (con integer 1) ])