(force [ (lam a_1 (delay (con integer 1))) (con integer 1) ])