program
  1.1.0
  ((\unitval ->
      (\reconstructCaseError ->
         (\tup ->
            (\index ->
               force
                 ifThenElse
                 (equalsInteger 1 index)
                 (\ds ->
                    constr 1
                      [ ((\tup ->
                            (\index ->
                               force
                                 ifThenElse
                                 (equalsInteger 0 index)
                                 (\ds ->
                                    constr 0
                                      [ (force
                                           ifThenElse
                                           (equalsInteger
                                              0
                                              (force (force fstPair)
                                                 (unConstrData
                                                    (force headList
                                                       (force (force sndPair)
                                                          tup)))))
                                           (\ds ->
                                              (\arg ->
                                                 (\arg ->
                                                    (\arg ->
                                                       (\arg_1
                                                         arg_2 ->
                                                          constr 0
                                                            [ (force
                                                                 ifThenElse
                                                                 (equalsInteger
                                                                    1
                                                                    (force
                                                                       (force
                                                                          fstPair)
                                                                       (unConstrData
                                                                          arg)))
                                                                 (\ds ->
                                                                    constr 0 [])
                                                                 (\ds ->
                                                                    force
                                                                      ifThenElse
                                                                      (equalsInteger
                                                                         0
                                                                         (force
                                                                            (force
                                                                               fstPair)
                                                                            (unConstrData
                                                                               arg)))
                                                                      (\ds ->
                                                                         constr 1
                                                                           [])
                                                                      (\ds ->
                                                                         (\thunk ->
                                                                            error)
                                                                           ((\wild ->
                                                                               unitval)
                                                                              (force
                                                                                 trace
                                                                                 reconstructCaseError
                                                                                 (constr 0
                                                                                    [  ]))))
                                                                      unitval)
                                                                 unitval)
                                                            , arg_1
                                                            , arg_2 ])
                                                         (unIData arg)
                                                         (force
                                                            ifThenElse
                                                            (equalsInteger
                                                               1
                                                               (force
                                                                  (force
                                                                     fstPair)
                                                                  (unConstrData
                                                                     arg)))
                                                            (\ds -> constr 0 [])
                                                            (\ds ->
                                                               force
                                                                 ifThenElse
                                                                 (equalsInteger
                                                                    0
                                                                    (force
                                                                       (force
                                                                          fstPair)
                                                                       (unConstrData
                                                                          arg)))
                                                                 (\ds ->
                                                                    constr 1 [])
                                                                 (\ds ->
                                                                    (\thunk ->
                                                                       error)
                                                                      ((\wild ->
                                                                          unitval)
                                                                         (force
                                                                            trace
                                                                            reconstructCaseError
                                                                            (constr 0
                                                                               [  ]))))
                                                                 unitval)
                                                            unitval))
                                                      (force
                                                         headList
                                                         (force
                                                            tailList
                                                            (force
                                                               tailList
                                                               (force
                                                                  (force
                                                                     sndPair)
                                                                  (unConstrData
                                                                     (force
                                                                        headList
                                                                        (force
                                                                           (force
                                                                              sndPair)
                                                                           tup))))))))
                                                   (force headList
                                                      (force tailList
                                                         (force (force sndPair)
                                                            (unConstrData
                                                               (force headList
                                                                  (force
                                                                     (force
                                                                        sndPair)
                                                                     tup)))))))
                                                (force headList
                                                   (force (force sndPair)
                                                      (unConstrData
                                                         (force headList
                                                            (force
                                                               (force sndPair)
                                                               tup))))))
                                           (\ds ->
                                              (\thunk -> error)
                                                ((\wild -> unitval)
                                                   (force trace
                                                      reconstructCaseError
                                                      (constr 0 []))))
                                           unitval) ])
                                 (\ds ->
                                    force ifThenElse
                                      (equalsInteger 1 index)
                                      (\ds -> constr 1 [])
                                      (\ds ->
                                         (\thunk -> error)
                                           ((\wild -> unitval)
                                              (force trace
                                                 reconstructCaseError
                                                 (constr 0 []))))
                                      unitval)
                                 unitval)
                              (force (force fstPair) tup))
                           (unConstrData
                              (force headList (force (force sndPair) tup)))) ])
                 (\ds ->
                    force ifThenElse
                      (equalsInteger 0 index)
                      (\ds ->
                         constr 0
                           [ (unIData
                                (force headList (force (force sndPair) tup))) ])
                      (\ds ->
                         (\thunk -> error)
                           ((\wild -> unitval)
                              (force trace reconstructCaseError (constr 0 []))))
                      unitval)
                 unitval)
              (force (force fstPair) tup))
           (unConstrData
              (constrData
                 1
                 (force mkCons
                    (constrData
                       0
                       (force mkCons
                          (constrData
                             0
                             (force mkCons
                                (constrData 1 (mkNilData unitval))
                                (force mkCons
                                   (iData 1)
                                   (force mkCons
                                      (constrData 0 (mkNilData unitval))
                                      (mkNilData unitval)))))
                          (mkNilData unitval)))
                    (mkNilData unitval)))))
        "PT1")
     ())