    n     Script size             CPU usage               Memory usage
  ----------------------------------------------------------------------
    0     579   (3.5%)         5389162   (0.1%)           18686   (0.1%) 
   10    2306  (14.1%)       745534962   (7.5%)          495316   (3.5%) 
   20    4033  (24.6%)      1485680762  (14.9%)          971946   (6.9%) 
   30    5760  (35.2%)      2225826562  (22.3%)         1448576  (10.3%) 
   40    7487  (45.7%)      2965972362  (29.7%)         1925206  (13.8%) 
   50    9213  (56.2%)      3706118162  (37.1%)         2401836  (17.2%) 
   60   10940  (66.8%)      4446263962  (44.5%)         2878466  (20.6%) 
   70   12667  (77.3%)      5186409762  (51.9%)         3355096  (24.0%) 
   80   14393  (87.8%)      5926555562  (59.3%)         3831726  (27.4%) 
   90   16120  (98.4%)      6666701362  (66.7%)         4308356  (30.8%) 
  100   17847 (108.9%)      7406847162  (74.1%)         4784986  (34.2%) 
  110   19574 (119.5%)      8146992962  (81.5%)         5261616  (37.6%) 
  120   21300 (130.0%)      8887138762  (88.9%)         5738246  (41.0%) 
  130   23027 (140.5%)      9627284562  (96.3%)         6214876  (44.4%) 
  140   24754 (151.1%)     10367430362 (103.7%)         6691506  (47.8%) 
  150   26481 (161.6%)     11107576162 (111.1%)         7168136  (51.2%) 

Off-chain version succeeded on 100 inputs
