(all
  a (type) (fun [ (con canonical) a ] (fun [ (con canonical) a ] (con bool)))
)