(all a (type) (fun (fun a (con data)) (fun a [ (con canonical) a ])))